123.450 --> 123.450
-12345.0 --> -12345.0
123.450 --> 123.450
-1.23450e-40 --> -1.23450e-40
1.23450e+44 --> 1.23450e+44
-1.23450e-38 --> -1.23450e-38
1.23450e+46 --> 1.23450e+46
83.5781 --> 83.5781
-5349.00 --> -5349.00
83.5781 --> 83.5781
-2.08043e-58 --> -2.08043e-58
3.35762e+61 --> 3.35762e+61
-1.33148e-56 --> -1.33148e-56
2.14888e+63 --> 2.14888e+63
5.25000 --> 5.25000
-21.0000 --> -21.0000
5.25000 --> 5.25000
-0.00256348 --> -0.00256348
10752.0 --> 10752.0
-0.0102539 --> -0.0102539
43008.0 --> 43008.0
13398.5 --> 13398.5
-180149984 --> -180149984
13398.5 --> 13398.5
-3.90353e-153 --> -3.90353e-153
4.59888e+160 --> 4.59888e+160
-9.99303e-151 --> -9.99303e-151
1.17731e+163 --> 1.17731e+163
