'z --> z
'z --> z
`z --> z
,'z --> z
,@'z --> z
``1 --> `1
```1 --> ``1
`,(+ 1 2) --> 3
`,@(list 1 2) --> (1 2)
`(,@(list 1 2)) --> (1 2)
`(a b c ,(+ 1 2) ,@(list 3 4)) --> (a b c 3 3 4)
`(a `(b ,(+ 1 2) ,@(foo ,(+ 1 3) d) e) f) --> (a `(b ,(+ 1 2) ,@(foo 4 d) e) f)
